DISTOPT_E2E job=14245957 ngpu=4 tp=2 mcore=/lustre/fs1/portfolios/coreai/projects/coreai_devtech_all/users/bayan/code/runtime/ds4-csacp-parity-eaa5b486d/mcore emerging=/lustre/fs1/portfolios/coreai/projects/coreai_devtech_all/users/bayan/code/runtime/task-1-13-5-5-3-muon-precision/emerging-opt-site-nodeps
GpuFreq=control_disabled
DISTOPT_E2E_PREFLIGHT mlite=76623427e mcore=fd1121b
IMPORT_OK /lustre/fs1/portfolios/coreai/projects/coreai_devtech_all/users/bayan/code/runtime/ds4-csacp-parity-eaa5b486d/mcore/megatron/core/__init__.py
W0722 08:03:12.563000 3044952 usr/local/lib/python3.12/dist-packages/torch/distributed/run.py:851] 
W0722 08:03:12.563000 3044952 usr/local/lib/python3.12/dist-packages/torch/distributed/run.py:851] *****************************************
W0722 08:03:12.563000 3044952 usr/local/lib/python3.12/dist-packages/torch/distributed/run.py:851] Setting OMP_NUM_THREADS environment variable for each process to be 1 in default, to avoid your system being overloaded, please further tune the variable for optimal performance in your application as needed. 
W0722 08:03:12.563000 3044952 usr/local/lib/python3.12/dist-packages/torch/distributed/run.py:851] *****************************************
NCCL version 2.30.7+cuda13.3
[env] world=4 tp=2 dp=2 H=32 batch=8 steps=6 muon_tp_mode=distributed
/lustre/fs1/portfolios/coreai/projects/coreai_devtech_all/users/bayan/code/runtime/ds4-csacp-parity-eaa5b486d/mcore/megatron/core/transformer/transformer_config.py:2758: UserWarning: full scope is deprecated. Use empty cuda_graph_modules to capture the whole layer.
  warnings.warn(
/lustre/fs1/portfolios/coreai/projects/coreai_devtech_all/users/bayan/code/runtime/ds4-csacp-parity-eaa5b486d/mcore/megatron/core/transformer/transformer_config.py:2758: UserWarning: full scope is deprecated. Use empty cuda_graph_modules to capture the whole layer.
  warnings.warn(
/lustre/fs1/portfolios/coreai/projects/coreai_devtech_all/users/bayan/code/runtime/ds4-csacp-parity-eaa5b486d/mcore/megatron/core/transformer/transformer_config.py:2758: UserWarning: full scope is deprecated. Use empty cuda_graph_modules to capture the whole layer.
  warnings.warn(
/lustre/fs1/portfolios/coreai/projects/coreai_devtech_all/users/bayan/code/runtime/ds4-csacp-parity-eaa5b486d/mcore/megatron/core/transformer/transformer_config.py:2758: UserWarning: full scope is deprecated. Use empty cuda_graph_modules to capture the whole layer.
  warnings.warn(
WARNING:megatron.core.distributed.distributed_data_parallel:DistributedDataParallel: full_param_layout not provided with use_distributed_optimizer=True. Auto-computing layout inside DDP. Callers should pre-compute layouts via DistributedOptimizer.compute_full_param_layout() and pass them in.
/lustre/fs1/portfolios/coreai/projects/coreai_devtech_all/users/bayan/code/runtime/ds4-csacp-parity-eaa5b486d/mcore/megatron/core/models/mimo/config/base_configs.py:12: UserWarning: MimoModelConfig is experimental and still under active development. The API may change without notice in future releases.
  class MimoModelConfig:
/lustre/fs1/portfolios/coreai/projects/coreai_devtech_all/users/bayan/code/runtime/ds4-csacp-parity-eaa5b486d/mcore/megatron/core/models/mimo/config/base_configs.py:12: UserWarning: MimoModelConfig is experimental and still under active development. The API may change without notice in future releases.
  class MimoModelConfig:
/lustre/fs1/portfolios/coreai/projects/coreai_devtech_all/users/bayan/code/runtime/ds4-csacp-parity-eaa5b486d/mcore/megatron/core/models/mimo/config/base_configs.py:12: UserWarning: MimoModelConfig is experimental and still under active development. The API may change without notice in future releases.
  class MimoModelConfig:
/lustre/fs1/portfolios/coreai/projects/coreai_devtech_all/users/bayan/code/runtime/ds4-csacp-parity-eaa5b486d/mcore/megatron/core/models/mimo/config/base_configs.py:12: UserWarning: MimoModelConfig is experimental and still under active development. The API may change without notice in future releases.
  class MimoModelConfig:
WARNING:megatron.core.distributed.distributed_data_parallel:DistributedDataParallel: full_param_layout not provided with use_distributed_optimizer=True. Auto-computing layout inside DDP. Callers should pre-compute layouts via DistributedOptimizer.compute_full_param_layout() and pass them in.
WARNING:megatron.core.distributed.distributed_data_parallel:DistributedDataParallel: full_param_layout not provided with use_distributed_optimizer=True. Auto-computing layout inside DDP. Callers should pre-compute layouts via DistributedOptimizer.compute_full_param_layout() and pass them in.
[init] PRE-STEP native-vs-mlite global_max_abs=0.000e+00 (expect 0)
[step 0] loss native=0.002999 mlite=0.002999 | native-vs-mlite global_max_abs=0.000e+00 | neg-control(no-finalize) global_max_abs=2.075e-03
[step 1] loss native=0.002341 mlite=0.002341 | native-vs-mlite global_max_abs=0.000e+00 | neg-control(no-finalize) global_max_abs=2.441e-03
[step 2] loss native=0.004355 mlite=0.004355 | native-vs-mlite global_max_abs=0.000e+00 | neg-control(no-finalize) global_max_abs=3.174e-03
[step 3] loss native=0.002489 mlite=0.002489 | native-vs-mlite global_max_abs=0.000e+00 | neg-control(no-finalize) global_max_abs=3.906e-03
[step 4] loss native=0.003841 mlite=0.003841 | native-vs-mlite global_max_abs=0.000e+00 | neg-control(no-finalize) global_max_abs=4.395e-03
[step 5] loss native=0.004893 mlite=0.004893 | native-vs-mlite global_max_abs=0.000e+00 | neg-control(no-finalize) global_max_abs=4.883e-03
[B] E2E_TRAINING_IDENTITY steps=6 all_steps_equal=True final_native_vs_mlite_max_abs=0.000e+00
[D] NEG_CONTROL no-finalize final_max_abs=4.883e-03 diverged=True (proves torch.equal is sensitive to a grad-wiring defect)
RESULT PASS: mcore-native == MLite-DistOpt Muon end-to-end training (bitwise weights after real fwd/bwd/DDP/DistOpt/finalize/muon-step); neg-control diverged
DISTOPT_E2E_DONE job=14245957 rc=0
