MUON_TP_IDENTITY job=14245178 ngpu=2 mcore=/lustre/fs1/portfolios/coreai/projects/coreai_devtech_all/users/bayan/code/runtime/ds4-csacp-parity-eaa5b486d/mcore emerging=/lustre/fs1/portfolios/coreai/projects/coreai_devtech_all/users/bayan/code/runtime/task-1-13-5-5-3-muon-precision/emerging-opt-site-nodeps
GpuFreq=control_disabled
MUON_TP_IDENTITY_PREFLIGHT mlite=407d4a81d mcore=fd1121b
IMPORT_OK /lustre/fs1/portfolios/coreai/projects/coreai_devtech_all/users/bayan/code/runtime/ds4-csacp-parity-eaa5b486d/mcore/megatron/core/__init__.py
W0722 07:23:20.066000 263113 usr/local/lib/python3.12/dist-packages/torch/distributed/run.py:851] 
W0722 07:23:20.066000 263113 usr/local/lib/python3.12/dist-packages/torch/distributed/run.py:851] *****************************************
W0722 07:23:20.066000 263113 usr/local/lib/python3.12/dist-packages/torch/distributed/run.py:851] Setting OMP_NUM_THREADS environment variable for each process to be 1 in default, to avoid your system being overloaded, please further tune the variable for optimal performance in your application as needed. 
W0722 07:23:20.066000 263113 usr/local/lib/python3.12/dist-packages/torch/distributed/run.py:851] *****************************************
[env] world=2 tp_size=2 device_per_rank=0 weight=(64,48) steps=5 tp_mode=distributed
[A] CONFIG_IDENTITY fields_checked=14 OK diffs=[]
NCCL version 2.30.7+cuda13.3
[B] rank=1 shard_rows=(32, 64) torch.equal=True max_abs=0.000e+00[B] rank=0 shard_rows=(0, 32) torch.equal=True max_abs=0.000e+00

/usr/local/lib/python3.12/dist-packages/torch/distributed/c10d_logger.py:83: UserWarning: barrier(): using the device under current context. You can specify `device_id` in `init_process_group` to mute this warning.
  return func(*args, **kwargs)
[B] DISTRIBUTED_UPDATE_IDENTITY all_ranks_equal=True global_max_abs=0.000e+00 (real TP=2 distributed NS)
[C1] DIST_vs_FULLREF max_abs=0.000e+00 tol=1e-04 OK (distributed == full-matrix NS within fp tol)
[C2] NOPG_LOCAL_vs_FULLREF max_abs=7.281e-02 ratio_vs_dist=72813659906.4x OK (pg=None diverges hugely -> cross-rank all_reduce genuinely mattered)
[D] NEG_CONTROL(num_ns_steps+1) global_max_abs=4.470e-05 OK (torch.equal is sensitive)
RESULT PASS: Megatron-native == DistOpt-mlite Muon under REAL TP=2 distributed Newton-Schulz (config identity + cross-rank torch.equal + distributed-is-real + sensitivity)
MUON_TP_IDENTITY_DONE job=14245178 rc=0
